2026-04-28 10:27:41,374 INFO o.a.j.u.JMeterUtils: Setting Locale to en_EN
2026-04-28 10:27:41,393 INFO o.a.j.JMeter: Loading user properties from: C:\jmeter\bin\user.properties
2026-04-28 10:27:41,403 INFO o.a.j.JMeter: Loading system properties from: C:\jmeter\bin\system.properties
2026-04-28 10:27:41,408 INFO o.a.j.JMeter: Copyright (c) 1998-2024 The Apache Software Foundation
2026-04-28 10:27:41,408 INFO o.a.j.JMeter: Version 5.6.3
2026-04-28 10:27:41,408 INFO o.a.j.JMeter: java.version=25.0.2
2026-04-28 10:27:41,408 INFO o.a.j.JMeter: java.vm.name=OpenJDK 64-Bit Server VM
2026-04-28 10:27:41,408 INFO o.a.j.JMeter: os.name=Windows 11
2026-04-28 10:27:41,408 INFO o.a.j.JMeter: os.arch=amd64
2026-04-28 10:27:41,408 INFO o.a.j.JMeter: os.version=10.0
2026-04-28 10:27:41,408 INFO o.a.j.JMeter: file.encoding=UTF-8
2026-04-28 10:27:41,409 INFO o.a.j.JMeter: java.awt.headless=null
2026-04-28 10:27:41,409 INFO o.a.j.JMeter: Max memory     =1073741824
2026-04-28 10:27:41,409 INFO o.a.j.JMeter: Available Processors =16
2026-04-28 10:27:41,419 INFO o.a.j.JMeter: Default Locale=English (EN)
2026-04-28 10:27:41,420 INFO o.a.j.JMeter: JMeter  Locale=English (EN)
2026-04-28 10:27:41,420 INFO o.a.j.JMeter: JMeterHome=C:\jmeter
2026-04-28 10:27:41,420 INFO o.a.j.JMeter: user.dir  =C:\Users\kuros\workspace\ec-sample-app
2026-04-28 10:27:41,421 INFO o.a.j.JMeter: PWD       =C:\Users\kuros\workspace\ec-sample-app
2026-04-28 10:27:41,437 INFO o.a.j.JMeter: IP: 192.168.0.19 Name: cosvilx FullName: 192.168.0.19
2026-04-28 10:27:41,450 INFO o.a.j.JMeter: Loaded icon properties from org/apache/jmeter/images/icon.properties
2026-04-28 10:27:41,594 INFO o.a.j.JMeterGuiLauncher: Setting LAF to: com.github.weisj.darklaf.DarkLaf:com.github.weisj.darklaf.theme.DarculaTheme
2026-04-28 10:28:23,401 INFO o.a.j.s.FileServer: Default base='C:\Users\kuros\workspace\ec-sample-app'
2026-04-28 10:28:23,403 INFO o.a.j.g.a.Load: Loading file: C:\Users\kuros\workspace\ec-sample-app\ec-load-test.jmx
2026-04-28 10:28:23,403 INFO o.a.j.s.FileServer: Set new base='C:\Users\kuros\workspace\ec-sample-app'
2026-04-28 10:28:23,554 INFO o.a.j.s.SaveService: Testplan (JMX) version: 2.2. Testlog (JTL) version: 2.2
2026-04-28 10:28:23,577 INFO o.a.j.s.SaveService: Using SaveService properties version 5.0
2026-04-28 10:28:23,578 INFO o.a.j.s.SaveService: Using SaveService properties file encoding UTF-8
2026-04-28 10:28:23,580 INFO o.a.j.s.SaveService: Loading file: C:\Users\kuros\workspace\ec-sample-app\ec-load-test.jmx
2026-04-28 10:28:23,580 WARN o.a.j.g.a.Load: Error reading file. java.io.FileNotFoundException: C:\Users\kuros\workspace\ec-sample-app\ec-load-test.jmx (指定されたファイルが見つかりません。)
2026-04-28 10:28:23,580 ERROR o.a.j.u.JMeterUtils: C:\Users\kuros\workspace\ec-sample-app\ec-load-test.jmx (指定されたファイルが見つかりません。)
2026-04-28 10:34:53,795 INFO o.a.j.p.h.c.CookieManager: Settings: Delete null: true Check: true Allow variable: true Save: false Prefix: COOKIE_
2026-04-28 10:35:13,788 INFO o.a.j.p.h.s.HTTPSamplerBase: Parser for text/html is org.apache.jmeter.protocol.http.parser.LagartoBasedHtmlParser
2026-04-28 10:35:13,788 INFO o.a.j.p.h.s.HTTPSamplerBase: Parser for application/xhtml+xml is org.apache.jmeter.protocol.http.parser.LagartoBasedHtmlParser
2026-04-28 10:35:13,788 INFO o.a.j.p.h.s.HTTPSamplerBase: Parser for application/xml is org.apache.jmeter.protocol.http.parser.LagartoBasedHtmlParser
2026-04-28 10:35:13,788 INFO o.a.j.p.h.s.HTTPSamplerBase: Parser for text/xml is org.apache.jmeter.protocol.http.parser.LagartoBasedHtmlParser
2026-04-28 10:35:13,788 INFO o.a.j.p.h.s.HTTPSamplerBase: Parser for text/vnd.wap.wml is org.apache.jmeter.protocol.http.parser.RegexpHTMLParser
2026-04-28 10:35:13,788 INFO o.a.j.p.h.s.HTTPSamplerBase: Parser for text/css is org.apache.jmeter.protocol.http.parser.CssParser
2026-04-28 10:41:24,134 INFO o.a.j.s.SampleResult: Note: Sample TimeStamps are START times
2026-04-28 10:41:24,134 INFO o.a.j.s.SampleResult: sampleresult.default.encoding is set to UTF-8
2026-04-28 10:41:24,134 INFO o.a.j.s.SampleResult: sampleresult.useNanoTime=true
2026-04-28 10:41:24,134 INFO o.a.j.s.SampleResult: sampleresult.nanoThreadSleep=5000
2026-04-28 10:43:25,834 INFO o.a.j.s.FileServer: Set new base='C:\Users\kuros\workspace\ec-sample-app'
2026-04-28 10:43:29,141 ERROR o.a.j.g.a.AbstractAction: Could not delete existing file C:\Users\kuros\workspace\ec-sample-app
2026-04-28 10:50:53,543 INFO o.a.j.s.FileServer: Set new base='C:\Users\kuros\workspace\ec-sample-app'
2026-04-28 10:51:44,853 ERROR o.a.j.g.a.AbstractAction: Could not delete existing file C:\Users\kuros\workspace\ec-sample-app
2026-04-28 10:53:10,194 INFO o.a.j.e.StandardJMeterEngine: Running the test!
2026-04-28 10:53:10,194 INFO o.a.j.s.SampleEvent: List of sample_variables: []
2026-04-28 10:53:10,194 INFO o.a.j.s.SampleEvent: List of sample_variables: []
2026-04-28 10:53:10,195 INFO o.a.j.e.u.CompoundVariable: Note: Function class names must contain the string: '.functions.'
2026-04-28 10:53:10,195 INFO o.a.j.e.u.CompoundVariable: Note: Function class names must not contain the string: '.gui.'
2026-04-28 10:53:10,229 INFO o.a.j.g.u.JMeterMenuBar: setRunning(true, *local*)
2026-04-28 10:53:10,256 INFO o.a.j.e.StandardJMeterEngine: Starting ThreadGroup: 1 : Thread Group
2026-04-28 10:53:10,256 INFO o.a.j.e.StandardJMeterEngine: Starting 10 threads for group Thread Group.
2026-04-28 10:53:10,257 INFO o.a.j.e.StandardJMeterEngine: Thread will continue on error
2026-04-28 10:53:10,257 INFO o.a.j.t.ThreadGroup: Starting thread group... number=1 threads=10 ramp-up=5 delayedStart=false
2026-04-28 10:53:10,260 INFO o.a.j.t.JMeterThread: Thread started: Thread Group 1-1
2026-04-28 10:53:10,261 INFO o.a.j.t.ThreadGroup: Started thread group number 1
2026-04-28 10:53:10,261 INFO o.a.j.e.StandardJMeterEngine: All thread groups have been started
2026-04-28 10:53:10,269 INFO o.a.j.p.h.s.HTTPHCAbstractImpl: Local host = cosvilx
2026-04-28 10:53:10,273 INFO o.a.j.p.h.s.HTTPHC4Impl: HTTP request retry count = 0
2026-04-28 10:53:10,353 INFO o.a.j.t.JMeterThread: Thread is done: Thread Group 1-1
2026-04-28 10:53:10,353 INFO o.a.j.t.JMeterThread: Thread finished: Thread Group 1-1
2026-04-28 10:53:10,758 INFO o.a.j.t.JMeterThread: Thread started: Thread Group 1-2
2026-04-28 10:53:10,769 INFO o.a.j.t.JMeterThread: Thread is done: Thread Group 1-2
2026-04-28 10:53:10,769 INFO o.a.j.t.JMeterThread: Thread finished: Thread Group 1-2
2026-04-28 10:53:11,258 INFO o.a.j.t.JMeterThread: Thread started: Thread Group 1-3
2026-04-28 10:53:11,269 INFO o.a.j.t.JMeterThread: Thread is done: Thread Group 1-3
2026-04-28 10:53:11,269 INFO o.a.j.t.JMeterThread: Thread finished: Thread Group 1-3
2026-04-28 10:53:11,758 INFO o.a.j.t.JMeterThread: Thread started: Thread Group 1-4
2026-04-28 10:53:11,769 INFO o.a.j.t.JMeterThread: Thread is done: Thread Group 1-4
2026-04-28 10:53:11,769 INFO o.a.j.t.JMeterThread: Thread finished: Thread Group 1-4
2026-04-28 10:53:12,257 INFO o.a.j.t.JMeterThread: Thread started: Thread Group 1-5
2026-04-28 10:53:12,268 INFO o.a.j.t.JMeterThread: Thread is done: Thread Group 1-5
2026-04-28 10:53:12,269 INFO o.a.j.t.JMeterThread: Thread finished: Thread Group 1-5
2026-04-28 10:53:12,757 INFO o.a.j.t.JMeterThread: Thread started: Thread Group 1-6
2026-04-28 10:53:12,767 INFO o.a.j.t.JMeterThread: Thread is done: Thread Group 1-6
2026-04-28 10:53:12,767 INFO o.a.j.t.JMeterThread: Thread finished: Thread Group 1-6
2026-04-28 10:53:13,257 INFO o.a.j.t.JMeterThread: Thread started: Thread Group 1-7
2026-04-28 10:53:13,266 INFO o.a.j.t.JMeterThread: Thread is done: Thread Group 1-7
2026-04-28 10:53:13,266 INFO o.a.j.t.JMeterThread: Thread finished: Thread Group 1-7
2026-04-28 10:53:13,758 INFO o.a.j.t.JMeterThread: Thread started: Thread Group 1-8
2026-04-28 10:53:13,767 INFO o.a.j.t.JMeterThread: Thread is done: Thread Group 1-8
2026-04-28 10:53:13,767 INFO o.a.j.t.JMeterThread: Thread finished: Thread Group 1-8
2026-04-28 10:53:14,258 INFO o.a.j.t.JMeterThread: Thread started: Thread Group 1-9
2026-04-28 10:53:14,267 INFO o.a.j.t.JMeterThread: Thread is done: Thread Group 1-9
2026-04-28 10:53:14,267 INFO o.a.j.t.JMeterThread: Thread finished: Thread Group 1-9
2026-04-28 10:53:14,757 INFO o.a.j.t.JMeterThread: Thread started: Thread Group 1-10
2026-04-28 10:53:14,767 INFO o.a.j.t.JMeterThread: Thread is done: Thread Group 1-10
2026-04-28 10:53:14,767 INFO o.a.j.t.JMeterThread: Thread finished: Thread Group 1-10
2026-04-28 10:53:14,767 INFO o.a.j.e.StandardJMeterEngine: Notifying test listeners of end of test
2026-04-28 10:53:14,767 INFO o.a.j.g.u.JMeterMenuBar: setRunning(false, *local*)
2026-04-28 10:54:49,919 INFO o.a.j.e.StandardJMeterEngine: Running the test!
2026-04-28 10:54:49,919 INFO o.a.j.s.SampleEvent: List of sample_variables: []
2026-04-28 10:54:49,920 INFO o.a.j.g.u.JMeterMenuBar: setRunning(true, *local*)
2026-04-28 10:54:49,955 INFO o.a.j.e.StandardJMeterEngine: Starting ThreadGroup: 1 : Thread Group
2026-04-28 10:54:49,956 INFO o.a.j.e.StandardJMeterEngine: Starting 10 threads for group Thread Group.
2026-04-28 10:54:49,956 INFO o.a.j.e.StandardJMeterEngine: Thread will continue on error
2026-04-28 10:54:49,956 INFO o.a.j.t.ThreadGroup: Starting thread group... number=1 threads=10 ramp-up=5 delayedStart=false
2026-04-28 10:54:49,957 INFO o.a.j.t.JMeterThread: Thread started: Thread Group 1-1
2026-04-28 10:54:49,960 INFO o.a.j.t.ThreadGroup: Started thread group number 1
2026-04-28 10:54:49,960 INFO o.a.j.e.StandardJMeterEngine: All thread groups have been started
2026-04-28 10:54:49,968 INFO o.a.j.t.JMeterThread: Thread is done: Thread Group 1-1
2026-04-28 10:54:49,968 INFO o.a.j.t.JMeterThread: Thread finished: Thread Group 1-1
2026-04-28 10:54:50,457 INFO o.a.j.t.JMeterThread: Thread started: Thread Group 1-2
2026-04-28 10:54:50,465 INFO o.a.j.t.JMeterThread: Thread is done: Thread Group 1-2
2026-04-28 10:54:50,466 INFO o.a.j.t.JMeterThread: Thread finished: Thread Group 1-2
2026-04-28 10:54:50,957 INFO o.a.j.t.JMeterThread: Thread started: Thread Group 1-3
2026-04-28 10:54:50,966 INFO o.a.j.t.JMeterThread: Thread is done: Thread Group 1-3
2026-04-28 10:54:50,966 INFO o.a.j.t.JMeterThread: Thread finished: Thread Group 1-3
2026-04-28 10:54:51,458 INFO o.a.j.t.JMeterThread: Thread started: Thread Group 1-4
2026-04-28 10:54:51,467 INFO o.a.j.t.JMeterThread: Thread is done: Thread Group 1-4
2026-04-28 10:54:51,467 INFO o.a.j.t.JMeterThread: Thread finished: Thread Group 1-4
2026-04-28 10:54:51,958 INFO o.a.j.t.JMeterThread: Thread started: Thread Group 1-5
2026-04-28 10:54:51,966 INFO o.a.j.t.JMeterThread: Thread is done: Thread Group 1-5
2026-04-28 10:54:51,966 INFO o.a.j.t.JMeterThread: Thread finished: Thread Group 1-5
2026-04-28 10:54:52,456 INFO o.a.j.t.JMeterThread: Thread started: Thread Group 1-6
2026-04-28 10:54:52,465 INFO o.a.j.t.JMeterThread: Thread is done: Thread Group 1-6
2026-04-28 10:54:52,465 INFO o.a.j.t.JMeterThread: Thread finished: Thread Group 1-6
2026-04-28 10:54:52,957 INFO o.a.j.t.JMeterThread: Thread started: Thread Group 1-7
2026-04-28 10:54:52,965 INFO o.a.j.t.JMeterThread: Thread is done: Thread Group 1-7
2026-04-28 10:54:52,965 INFO o.a.j.t.JMeterThread: Thread finished: Thread Group 1-7
2026-04-28 10:54:53,457 INFO o.a.j.t.JMeterThread: Thread started: Thread Group 1-8
2026-04-28 10:54:53,465 INFO o.a.j.t.JMeterThread: Thread is done: Thread Group 1-8
2026-04-28 10:54:53,465 INFO o.a.j.t.JMeterThread: Thread finished: Thread Group 1-8
2026-04-28 10:54:53,956 INFO o.a.j.t.JMeterThread: Thread started: Thread Group 1-9
2026-04-28 10:54:53,964 INFO o.a.j.t.JMeterThread: Thread is done: Thread Group 1-9
2026-04-28 10:54:53,965 INFO o.a.j.t.JMeterThread: Thread finished: Thread Group 1-9
2026-04-28 10:54:54,456 INFO o.a.j.t.JMeterThread: Thread started: Thread Group 1-10
2026-04-28 10:54:54,464 INFO o.a.j.t.JMeterThread: Thread is done: Thread Group 1-10
2026-04-28 10:54:54,464 INFO o.a.j.t.JMeterThread: Thread finished: Thread Group 1-10
2026-04-28 10:54:54,464 INFO o.a.j.e.StandardJMeterEngine: Notifying test listeners of end of test
2026-04-28 10:54:54,464 INFO o.a.j.g.u.JMeterMenuBar: setRunning(false, *local*)
2026-04-28 10:55:04,848 ERROR o.a.j.g.a.AbstractAction: Could not delete existing file C:\Users\kuros\workspace\ec-sample-app
2026-04-28 10:55:31,839 INFO o.a.j.e.StandardJMeterEngine: Running the test!
2026-04-28 10:55:31,839 INFO o.a.j.s.SampleEvent: List of sample_variables: []
2026-04-28 10:55:31,839 INFO o.a.j.g.u.JMeterMenuBar: setRunning(true, *local*)
2026-04-28 10:55:31,868 INFO o.a.j.e.StandardJMeterEngine: Starting ThreadGroup: 1 : Thread Group
2026-04-28 10:55:31,868 INFO o.a.j.e.StandardJMeterEngine: Starting 10 threads for group Thread Group.
2026-04-28 10:55:31,868 INFO o.a.j.e.StandardJMeterEngine: Thread will continue on error
2026-04-28 10:55:31,868 INFO o.a.j.t.ThreadGroup: Starting thread group... number=1 threads=10 ramp-up=5 delayedStart=false
2026-04-28 10:55:31,869 INFO o.a.j.t.JMeterThread: Thread started: Thread Group 1-1
2026-04-28 10:55:31,870 INFO o.a.j.t.ThreadGroup: Started thread group number 1
2026-04-28 10:55:31,870 INFO o.a.j.e.StandardJMeterEngine: All thread groups have been started
2026-04-28 10:55:31,878 INFO o.a.j.t.JMeterThread: Thread is done: Thread Group 1-1
2026-04-28 10:55:31,880 INFO o.a.j.t.JMeterThread: Thread finished: Thread Group 1-1
2026-04-28 10:55:32,368 INFO o.a.j.t.JMeterThread: Thread started: Thread Group 1-2
2026-04-28 10:55:32,377 INFO o.a.j.t.JMeterThread: Thread is done: Thread Group 1-2
2026-04-28 10:55:32,377 INFO o.a.j.t.JMeterThread: Thread finished: Thread Group 1-2
2026-04-28 10:55:32,869 INFO o.a.j.t.JMeterThread: Thread started: Thread Group 1-3
2026-04-28 10:55:32,877 INFO o.a.j.t.JMeterThread: Thread is done: Thread Group 1-3
2026-04-28 10:55:32,877 INFO o.a.j.t.JMeterThread: Thread finished: Thread Group 1-3
2026-04-28 10:55:33,369 INFO o.a.j.t.JMeterThread: Thread started: Thread Group 1-4
2026-04-28 10:55:33,376 INFO o.a.j.t.JMeterThread: Thread is done: Thread Group 1-4
2026-04-28 10:55:33,376 INFO o.a.j.t.JMeterThread: Thread finished: Thread Group 1-4
2026-04-28 10:55:33,868 INFO o.a.j.t.JMeterThread: Thread started: Thread Group 1-5
2026-04-28 10:55:33,876 INFO o.a.j.t.JMeterThread: Thread is done: Thread Group 1-5
2026-04-28 10:55:33,876 INFO o.a.j.t.JMeterThread: Thread finished: Thread Group 1-5
2026-04-28 10:55:34,370 INFO o.a.j.t.JMeterThread: Thread started: Thread Group 1-6
2026-04-28 10:55:34,377 INFO o.a.j.t.JMeterThread: Thread is done: Thread Group 1-6
2026-04-28 10:55:34,377 INFO o.a.j.t.JMeterThread: Thread finished: Thread Group 1-6
2026-04-28 10:55:34,869 INFO o.a.j.t.JMeterThread: Thread started: Thread Group 1-7
2026-04-28 10:55:34,877 INFO o.a.j.t.JMeterThread: Thread is done: Thread Group 1-7
2026-04-28 10:55:34,877 INFO o.a.j.t.JMeterThread: Thread finished: Thread Group 1-7
2026-04-28 10:55:35,368 INFO o.a.j.t.JMeterThread: Thread started: Thread Group 1-8
2026-04-28 10:55:35,378 INFO o.a.j.t.JMeterThread: Thread is done: Thread Group 1-8
2026-04-28 10:55:35,378 INFO o.a.j.t.JMeterThread: Thread finished: Thread Group 1-8
2026-04-28 10:55:35,868 INFO o.a.j.t.JMeterThread: Thread started: Thread Group 1-9
2026-04-28 10:55:35,877 INFO o.a.j.t.JMeterThread: Thread is done: Thread Group 1-9
2026-04-28 10:55:35,877 INFO o.a.j.t.JMeterThread: Thread finished: Thread Group 1-9
2026-04-28 10:55:36,368 INFO o.a.j.t.JMeterThread: Thread started: Thread Group 1-10
2026-04-28 10:55:36,376 INFO o.a.j.t.JMeterThread: Thread is done: Thread Group 1-10
2026-04-28 10:55:36,376 INFO o.a.j.t.JMeterThread: Thread finished: Thread Group 1-10
2026-04-28 10:55:36,376 INFO o.a.j.e.StandardJMeterEngine: Notifying test listeners of end of test
2026-04-28 10:55:36,377 INFO o.a.j.g.u.JMeterMenuBar: setRunning(false, *local*)
2026-04-28 10:56:23,073 INFO o.a.j.e.StandardJMeterEngine: Running the test!
2026-04-28 10:56:23,073 INFO o.a.j.s.SampleEvent: List of sample_variables: []
2026-04-28 10:56:23,073 INFO o.a.j.g.u.JMeterMenuBar: setRunning(true, *local*)
2026-04-28 10:56:23,096 INFO o.a.j.e.StandardJMeterEngine: Starting ThreadGroup: 1 : Thread Group
2026-04-28 10:56:23,096 INFO o.a.j.e.StandardJMeterEngine: Starting 10 threads for group Thread Group.
2026-04-28 10:56:23,097 INFO o.a.j.e.StandardJMeterEngine: Thread will continue on error
2026-04-28 10:56:23,097 INFO o.a.j.t.ThreadGroup: Starting thread group... number=1 threads=10 ramp-up=5 delayedStart=false
2026-04-28 10:56:23,097 INFO o.a.j.t.JMeterThread: Thread started: Thread Group 1-1
2026-04-28 10:56:23,098 INFO o.a.j.t.ThreadGroup: Started thread group number 1
2026-04-28 10:56:23,098 INFO o.a.j.e.StandardJMeterEngine: All thread groups have been started
2026-04-28 10:56:23,107 INFO o.a.j.t.JMeterThread: Thread is done: Thread Group 1-1
2026-04-28 10:56:23,107 INFO o.a.j.t.JMeterThread: Thread finished: Thread Group 1-1
2026-04-28 10:56:23,598 INFO o.a.j.t.JMeterThread: Thread started: Thread Group 1-2
2026-04-28 10:56:23,605 INFO o.a.j.t.JMeterThread: Thread is done: Thread Group 1-2
2026-04-28 10:56:23,605 INFO o.a.j.t.JMeterThread: Thread finished: Thread Group 1-2
2026-04-28 10:56:24,099 INFO o.a.j.t.JMeterThread: Thread started: Thread Group 1-3
2026-04-28 10:56:24,106 INFO o.a.j.t.JMeterThread: Thread is done: Thread Group 1-3
2026-04-28 10:56:24,107 INFO o.a.j.t.JMeterThread: Thread finished: Thread Group 1-3
2026-04-28 10:56:24,598 INFO o.a.j.t.JMeterThread: Thread started: Thread Group 1-4
2026-04-28 10:56:24,605 INFO o.a.j.t.JMeterThread: Thread is done: Thread Group 1-4
2026-04-28 10:56:24,605 INFO o.a.j.t.JMeterThread: Thread finished: Thread Group 1-4
2026-04-28 10:56:25,098 INFO o.a.j.t.JMeterThread: Thread started: Thread Group 1-5
2026-04-28 10:56:25,105 INFO o.a.j.t.JMeterThread: Thread is done: Thread Group 1-5
2026-04-28 10:56:25,105 INFO o.a.j.t.JMeterThread: Thread finished: Thread Group 1-5
2026-04-28 10:56:25,598 INFO o.a.j.t.JMeterThread: Thread started: Thread Group 1-6
2026-04-28 10:56:25,604 INFO o.a.j.t.JMeterThread: Thread is done: Thread Group 1-6
2026-04-28 10:56:25,604 INFO o.a.j.t.JMeterThread: Thread finished: Thread Group 1-6
2026-04-28 10:56:26,097 INFO o.a.j.t.JMeterThread: Thread started: Thread Group 1-7
2026-04-28 10:56:26,105 INFO o.a.j.t.JMeterThread: Thread is done: Thread Group 1-7
2026-04-28 10:56:26,105 INFO o.a.j.t.JMeterThread: Thread finished: Thread Group 1-7
2026-04-28 10:56:26,597 INFO o.a.j.t.JMeterThread: Thread started: Thread Group 1-8
2026-04-28 10:56:26,604 INFO o.a.j.t.JMeterThread: Thread is done: Thread Group 1-8
2026-04-28 10:56:26,604 INFO o.a.j.t.JMeterThread: Thread finished: Thread Group 1-8
2026-04-28 10:56:27,097 INFO o.a.j.t.JMeterThread: Thread started: Thread Group 1-9
2026-04-28 10:56:27,104 INFO o.a.j.t.JMeterThread: Thread is done: Thread Group 1-9
2026-04-28 10:56:27,104 INFO o.a.j.t.JMeterThread: Thread finished: Thread Group 1-9
2026-04-28 10:56:27,599 INFO o.a.j.t.JMeterThread: Thread started: Thread Group 1-10
2026-04-28 10:56:27,606 INFO o.a.j.t.JMeterThread: Thread is done: Thread Group 1-10
2026-04-28 10:56:27,606 INFO o.a.j.t.JMeterThread: Thread finished: Thread Group 1-10
2026-04-28 10:56:27,606 INFO o.a.j.e.StandardJMeterEngine: Notifying test listeners of end of test
2026-04-28 10:56:27,606 INFO o.a.j.g.u.JMeterMenuBar: setRunning(false, *local*)
